../Core/Src/GFX_FUNCTIONS.c:11:6:drawPixel	16	static
../Core/Src/GFX_FUNCTIONS.c:16:6:fillRect	32	static
../Core/Src/GFX_FUNCTIONS.c:35:6:writePixel	16	static
../Core/Src/GFX_FUNCTIONS.c:40:6:writeLine	48	static
../Core/Src/GFX_FUNCTIONS.c:80:7:drawFastVLine	32	static
../Core/Src/GFX_FUNCTIONS.c:84:7:drawFastHLine	32	static
../Core/Src/GFX_FUNCTIONS.c:89:6:drawLine	40	static
../Core/Src/GFX_FUNCTIONS.c:102:6:drawCircle	40	static
../Core/Src/GFX_FUNCTIONS.c:136:6:drawCircleHelper	40	static
../Core/Src/GFX_FUNCTIONS.c:172:6:fillCircleHelper	40	static
../Core/Src/GFX_FUNCTIONS.c:209:6:fillCircle	32	static
../Core/Src/GFX_FUNCTIONS.c:217:6:drawRect	24	static
../Core/Src/GFX_FUNCTIONS.c:225:6:drawRoundRect	40	static
../Core/Src/GFX_FUNCTIONS.c:242:6:fillRoundRect	40	static
../Core/Src/GFX_FUNCTIONS.c:254:6:drawTriangle	32	static
../Core/Src/GFX_FUNCTIONS.c:262:6:fillTriangle	72	static
../Core/Src/GFX_FUNCTIONS.c:339:6:fillScreen	24	static
../Core/Src/GFX_FUNCTIONS.c:345:6:testLines	56	static
../Core/Src/GFX_FUNCTIONS.c:388:6:testFastLines	32	static
../Core/Src/GFX_FUNCTIONS.c:397:6:testRects	56	static
../Core/Src/GFX_FUNCTIONS.c:412:6:testFilledRects	56	static
../Core/Src/GFX_FUNCTIONS.c:429:6:testFilledCircles	40	static
../Core/Src/GFX_FUNCTIONS.c:442:6:testCircles	40	static
../Core/Src/GFX_FUNCTIONS.c:458:6:testTriangles	56	static
../Core/Src/GFX_FUNCTIONS.c:475:6:testFilledTriangles	56	static
../Core/Src/GFX_FUNCTIONS.c:488:6:testRoundRects	56	static
../Core/Src/GFX_FUNCTIONS.c:505:6:testFilledRoundRects	48	static
../Core/Src/GFX_FUNCTIONS.c:520:6:testFillScreen	8	static
../Core/Src/GFX_FUNCTIONS.c:529:6:testAll	8	static
