../Core/Src/main.c:236:6:indicator	24	static
../Core/Src/main.c:276:5:main	384	static
../Core/Src/main.c:879:6:SystemClock_Config	88	static
../Core/Src/main.c:925:13:MX_ADC1_Init	24	static
../Core/Src/main.c:995:13:MX_SPI1_Init	8	static
../Core/Src/main.c:1033:13:MX_SPI3_Init	8	static
../Core/Src/main.c:1071:13:MX_TIM4_Init	32	static
../Core/Src/main.c:1116:13:MX_TIM9_Init	40	static
../Core/Src/main.c:1162:13:MX_TIM10_Init	8	static
../Core/Src/main.c:1193:13:MX_TIM11_Init	40	static
../Core/Src/main.c:1239:13:MX_USART1_UART_Init	8	static
../Core/Src/main.c:1270:13:MX_DMA_Init	16	static
../Core/Src/main.c:1288:13:MX_GPIO_Init	48	static
../Core/Src/main.c:1366:6:HAL_UART_RxCpltCallback	16	static
../Core/Src/main.c:1375:6:HAL_TIM_PeriodElapsedCallback	24	static
../Core/Src/main.c:1441:6:HAL_ADC_ConvCpltCallback	16	static
../Core/Src/main.c:1454:6:Error_Handler	4	static,ignoring_inline_asm
