main - cop.c:191:6:indicator	24	static
main - cop.c:231:5:main	72	static
main - cop.c:738:6:SystemClock_Config	88	static
main - cop.c:782:13:MX_ADC1_Init	24	static
main - cop.c:848:13:MX_SPI1_Init	8	static
main - cop.c:886:13:MX_SPI3_Init	8	static
main - cop.c:924:13:MX_TIM4_Init	32	static
main - cop.c:969:13:MX_TIM9_Init	40	static
main - cop.c:1015:13:MX_TIM10_Init	8	static
main - cop.c:1046:13:MX_USART1_UART_Init	8	static
main - cop.c:1077:13:MX_DMA_Init	16	static
main - cop.c:1095:13:MX_GPIO_Init	48	static
main - cop.c:1152:6:HAL_TIM_PeriodElapsedCallback	40	static
main - cop.c:1204:6:HAL_ADC_ConvCpltCallback	16	static
main - cop.c:1217:6:Error_Handler	4	static,ignoring_inline_asm
