test.h:21:13:test	24	static
jsmn.h:106:19:jsmn_alloc_token	32	static
jsmn.h:124:13:jsmn_fill_token	24	static
jsmn.h:135:12:jsmn_parse_primitive	32	static
jsmn.h:193:12:jsmn_parse_string	40	static
jsmn.h:268:14:jsmn_parse	56	static
jsmn.h:459:15:jsmn_init	16	static
testutil.h:6:12:vtokeq	40	static
testutil.h:64:12:tokeq	24	static
testutil.h:73:12:parse	56	static
tests.c:9:5:test_empty	56	static
tests.c:17:5:test_object	80	static
tests.c:50:5:test_array	32	static
tests.c:61:5:test_primitive	40	static
tests.c:75:5:test_string	64	static
tests.c:99:5:test_partial_string	176	static
tests.c:121:5:test_partial_array	4	static
tests.c:145:5:test_array_nomem	416	static
tests.c:172:5:test_unquoted_keys	224	static
tests.c:190:5:test_issue_22	2088	static
tests.c:213:5:test_issue_27	16	static
tests.c:220:5:test_input_length	224	static
tests.c:236:5:test_count	32	static
tests.c:283:5:test_nonstrict	64	static
tests.c:302:5:test_unmatched_brackets	48	static
tests.c:320:5:test_object_key	48	static
tests.c:339:5:main	8	static
